// Jest Snapshot v1, https://goo.gl/fbAQLP

exports[`img uploader element matches snapshot 1`] = `
<div
  className="upload"
>
  <label
    className=""
  >
    Product images
  </label>
  <button
    aria-label={null}
    className="btn btn-dark"
    onClick={[Function]}
    type="button"
  >
    <svg
      dangerouslySetInnerHTML={
        Object {
          "__html": "<path d=\\"M19 13h-6v6h-2v-6H5v-2h6V5h2v6h6v2z\\" fill=\\"currentColor\\"/>",
        }
      }
      focusable={false}
      height="1em"
      preserveAspectRatio="xMidYMid meet"
      style={
        Object {
          "transform": "rotate(360deg)",
        }
      }
      viewBox="0 0 24 24"
      width="1em"
      xmlns="http://www.w3.org/2000/svg"
    />
  </button>
</div>
`;
