// Jest Snapshot v1, https://goo.gl/fbAQLP

exports[`Price element on products editor matches snapshot 1`] = `
<div
  className="form-group"
>
  <label
    className=""
    htmlFor="price"
  >
    label
  </label>
  <div
    className="input-group"
  >
    <div
      className="input-group-prepend"
    >
      <span
        className="input-group-text"
      >
        Rp. 
      </span>
    </div>
    <input
      className="form-control"
      id="price"
      onChange={
        [MockFunction] {
          "calls": Array [
            Array [
              SyntheticEvent {
                "_dispatchInstances": null,
                "_dispatchListeners": null,
                "_targetInst": null,
                "bubbles": null,
                "cancelable": null,
                "currentTarget": [Function],
                "defaultPrevented": null,
                "dispatchConfig": null,
                "eventPhase": null,
                "isDefaultPrevented": [Function],
                "isPropagationStopped": [Function],
                "isTrusted": null,
                "nativeEvent": null,
                "target": null,
                "timeStamp": [Function],
                "type": null,
              },
            ],
          ],
          "results": Array [
            Object {
              "type": "return",
              "value": undefined,
            },
          ],
        }
      }
      placeholder="placeholder"
      type="number"
      value={12}
    />
  </div>
</div>
`;
