// Jest Snapshot v1, https://goo.gl/fbAQLP

exports[`Variation adder on product editor matches snapshot 1`] = `
<div
  className="form-group"
>
  <label
    className=""
    htmlFor="select"
  >
    mock
  </label>
  <select
    className="form-control"
    id="select"
    name="select"
    onChange={[Function]}
    value=""
  >
    <option
      value="default"
    >
      Select multiple
    </option>
    <option
      value="mockProduct"
    >
      mockProduct
    </option>
  </select>
</div>
`;
