// Jest Snapshot v1, https://goo.gl/fbAQLP

exports[`Login component matches snapshot 1`] = `
<div
  className="wrapper"
>
  <div
    className="login"
  >
    <h1>
      Snckss Admin Panel
    </h1>
    <h3>
      Please login to continue
    </h3>
    <button
      aria-label={null}
      className="btn btn-primary"
      onClick={[Function]}
      type="button"
    >
      Login with google
    </button>
  </div>
</div>
`;
