// Jest Snapshot v1, https://goo.gl/fbAQLP

exports[`Main component matches snapshot 1`] = `
<div
  className="container-fluid"
>
  <div
    className="row"
  >
    <div
      className="col-md-3 col-lg-3 col-xl-3"
    >
      <ul
        className="tabs nav flex-column nav-tabs"
      >
        <li
          className="product nav-item"
        >
          <a
            className="nav-link"
            onClick={[Function]}
          >
            Create Products
             
          </a>
        </li>
        <li
          className="orders nav-item"
        >
          <a
            className="nav-link"
            onClick={[Function]}
          >
            Show Orders
             
          </a>
        </li>
      </ul>
    </div>
    <div
      className="col-md-9 col-lg-9 col-xl-9"
    >
      <div
        className="container"
      >
        <div
          className="row"
        >
          <div
            className="col-lg-4 col-xl-4"
            m="4"
          >
            <h3>
              Select what you want to create
            </h3>
            <ul
              className="nav flex-column nav-tabs"
            >
              <li
                className="categories nav-item"
              >
                <a
                  className="nav-link"
                  onClick={[Function]}
                >
                  Categories
                </a>
              </li>
              <li
                className="brands nav-item"
              >
                <a
                  className="nav-link"
                  onClick={[Function]}
                >
                  Brands
                </a>
              </li>
              <li
                className="products nav-item"
              >
                <a
                  className="nav-link"
                  onClick={[Function]}
                >
                  Products
                </a>
              </li>
            </ul>
          </div>
          <div
            className="col-lg-8 col-xl-8"
            m="8"
          >
            <div
              className="brands"
            >
              <div
                className="back icon"
                onClick={[Function]}
              >
                <svg
                  dangerouslySetInnerHTML={
                    Object {
                      "__html": "<path d=\\"M20 11v2H8l5.5 5.5l-1.42 1.42L4.16 12l7.92-7.92L13.5 5.5L8 11h12z\\" fill=\\"currentColor\\"/>",
                    }
                  }
                  focusable={false}
                  height="1em"
                  preserveAspectRatio="xMidYMid meet"
                  style={
                    Object {
                      "transform": "rotate(360deg)",
                    }
                  }
                  viewBox="0 0 24 24"
                  width="1em"
                  xmlns="http://www.w3.org/2000/svg"
                />
              </div>
              <div
                className="add icon"
                onClick={[Function]}
              >
                <svg
                  dangerouslySetInnerHTML={
                    Object {
                      "__html": "<path d=\\"M19 13h-6v6h-2v-6H5v-2h6V5h2v6h6v2z\\" fill=\\"currentColor\\"/>",
                    }
                  }
                  focusable={false}
                  height="1em"
                  preserveAspectRatio="xMidYMid meet"
                  style={
                    Object {
                      "transform": "rotate(360deg)",
                    }
                  }
                  viewBox="0 0 24 24"
                  width="1em"
                  xmlns="http://www.w3.org/2000/svg"
                />
              </div>
              <h1>
                Brands
              </h1>
              <ul
                className="list-group"
              >
                <label
                  className="list-label"
                >
                  
                </label>
              </ul>
            </div>
          </div>
        </div>
      </div>
    </div>
  </div>
</div>
`;
