// Jest Snapshot v1, https://goo.gl/fbAQLP

exports[`Brand editor element matches snapshot 1`] = `
Array [
  <div
    className="form-group"
  >
    <label
      className=""
      htmlFor="name"
    >
      Brand Name
    </label>
    <input
      className="form-control"
      id="name"
      onChange={[Function]}
      placeholder="Add brand name here!"
      type="text"
      value=""
    />
  </div>,
  <div
    className="form-group"
  >
    <label
      className=""
      htmlFor="select"
    >
      Select brand's category
    </label>
    <select
      className="form-control"
      id="select"
      name="select"
      onChange={[Function]}
      value=""
    >
      <option
        value="default"
      >
        Select one
      </option>
    </select>
  </div>,
  <div
    className="form-group"
  >
    <label
      className=""
      htmlFor="select"
    >
      Select prodcuts
    </label>
    <select
      className="form-control"
      id="select"
      name="select"
      onChange={[Function]}
      value=""
    >
      <option
        value="default"
      >
        Select multiple
      </option>
    </select>
  </div>,
  <button
    aria-label={null}
    className="submit-btn btn btn-primary btn-block"
    onClick={[Function]}
    type="button"
  >
    Post
  </button>,
]
`;
